┏━━━━━━━━━━━━━━━━━━━━━━━━━━━━━━━━━━━━━━━━━━━━━━━━━━━━━━━━━━━━━━━━━━━━━━━━━━━━━━┓
┃ G O S T A L G I A  /  PERSONAL COMPUTING                                     ┃
┃  Home   Apps   Prompt   Tasks   Notifications  [Screen]                      ┃
┃ ✓ ONLINE   guest · C: environment drive                                      ┃
┃                                                                              ┃
┃ Screen                                                                       ┃
┃ Tab focus · Enter action · ↑↓ item · Esc cancel/back                         ┃
┃ … Loading…                                                                   ┃
┃ › One: first                                                                 ┃
┃ Two: second                                                                  ┃
┃ › Text: A thought worth keeping.                                             ┃
┃ [Send] (disabled)                                                            ┃
┃                                                                              ┃
┃                                                                              ┃
┃                                                                              ┃
┃                                                                              ┃
┃                                                                              ┃
┃                                                                              ┃
┃                                                                              ┃
┃                                                                              ┃
┃                                                                              ┃
┃ C:\users\guest> App view owns focus. Esc returns to prompt.                  ┃
┗━━━━━━━━━━━━━━━━━━━━━━━━━━━━━━━━━━━━━━━━━━━━━━━━━━━━━━━━━━━━━━━━━━━━━━━━━━━━━━┛
Esc CANCEL/BACK · Ctrl-C EXIT · (Tab) FOCUS · (Enter) ACTION · (↑↓) ITEM · F2 AP
