┏━━━━━━━━━━━━━━━━━━━━━━━━━━━━━━━━━━━━━━━━━━━━━━━━━━━━━━━━━━━━━━━━━━━━━━━━━━━━━━┓
┃ G O S T A L G I A  /  PERSONAL COMPUTING                                     ┃
┃ [Home]  Apps   Prompt   Tasks   Notifications                                ┃
┃ ✓ ONLINE   guest · C: environment drive                                      ┃
┃                                                                              ┃
┃ SYSTEM ACTIVITY                                                              ┃
┃ Uptime: just booted · Processes: 0 · Services: 0 · User: guest · Drive: C:   ┃
┃                                                                              ┃
┃ RUNNING APPLICATIONS                                                         ┃
┃   ◇ No applications running (press F2 for App Launcher)                      ┃
┃                                                                              ┃
┃ DOCUMENT SHORTCUTS (C:\users\guest\documents)                                ┃
┃   ◇ No documents found in C:\users\guest\documents                           ┃
┃                                                                              ┃
┃                                                                              ┃
┃                                                                              ┃
┃                                                                              ┃
┃                                                                              ┃
┃                                                                              ┃
┃                                                                              ┃
┃                                                                              ┃
┃ C:\users\guest> Home view owns focus. Esc returns to prompt · Ctrl-P palett… ┃
┗━━━━━━━━━━━━━━━━━━━━━━━━━━━━━━━━━━━━━━━━━━━━━━━━━━━━━━━━━━━━━━━━━━━━━━━━━━━━━━┛
F1 PROMPT · F2 APPS · F5 TASKS · F6 ALERTS · Ctrl-P PALETTE · (↑↓) SELECT · (Ent
