┏━━━━━━━━━━━━━━━━━━━━━━━━━━━━━━━━━━━━━━━━━━━━━━━━━━━━━━━━━━━━━━━━━━━━━━━━━━━━━━┓
┃ G O S T A L G I A  /  PERSONAL COMPUTING                                     ┃
┃  Home   Apps   Prompt   Tasks  [Notifications]                               ┃
┃ ✓ ONLINE   guest · C: environment drive                                      ┃
┃                                                                              ┃
┃ ┏━━━━━━━━━━━━━━━━━━━━━━━━━━━━━━━━━━━━━━━━━━━━━━━━━━━━━━━━━━━━━━━━━━━━━━━━━━┓ ┃
┃ ┃ › NOTIFICATION CENTER                                                    ┃ ┃
┃ ┃ ┏━━━━━━━━━━━━━━━━━━━━━━━━━━━━━━━━━━━━━━━━━━━━━━━━━━━━━━━━━━━━━━━━━━━━━━┓ ┃ ┃
┃ ┃ ┃ ◇ Notification Center Clean                                          ┃ ┃ ┃
┃ ┃ ┃ No recent system events or crashes recorded.                         ┃ ┃ ┃
┃ ┃ ┃ Do-Not-Disturb: DND OFF                                              ┃ ┃ ┃
┃ ┃ ┃                                                                      ┃ ┃ ┃
┃ ┃ ┃                                                                      ┃ ┃ ┃
┃ ┃ ┃                                                                      ┃ ┃ ┃
┃ ┃ ┃                                                                      ┃ ┃ ┃
┃ ┃ ┃                                                                      ┃ ┃ ┃
┃ ┃ ┃                                                                      ┃ ┃ ┃
┃ ┃ ┃                                                                      ┃ ┃ ┃
┃ ┃ ┗━━━━━━━━━━━━━━━━━━━━━━━━━━━━━━━━━━━━━━━━━━━━━━━━━━━━━━━━━━━━━━━━━━━━━━┛ ┃ ┃
┃ ┗━━━━━━━━━━━━━━━━━━━━━━━━━━━━━━━━━━━━━━━━━━━━━━━━━━━━━━━━━━━━━━━━━━━━━━━━━━┛ ┃
┃                                                                              ┃
┃ C:\users\guest> Notification Center owns focus. Esc returns to prompt.       ┃
┗━━━━━━━━━━━━━━━━━━━━━━━━━━━━━━━━━━━━━━━━━━━━━━━━━━━━━━━━━━━━━━━━━━━━━━━━━━━━━━┛
Esc PROMPT · Enter VIEW · d DISMISS · c CLEAR · n DND · ↑↓ SELECT · Ctrl-C EXIT
