┏━━━━━━━━━━━━━━━━━━━━━━━━━━━━━━━━━━━━━━━━━━━━━━━━━━━━━━━━━━━━━━━━━━━━━━━━━━━━━━┓
┃ G O S T A L G I A  /  PERSONAL COMPUTING                                     ┃
┃  Home  [Apps]  Prompt   Tasks   Notifications                                ┃
┃ ✓ ONLINE   guest · C: environment drive                                      ┃
┃                                                                              ┃
┃ SEARCH: type to filter apps...                                               ┃
┃ ┏━━━━━━━━━━━━━━━━━━━━━━━━━━━━━━━━━━━━━━━━━━━━━━━━━━━━━━━━━━━━━━━━━━━━━━━━━━┓ ┃
┃ ┃ › Echo                                                                   ┃ ┃
┃ ┃ ✓ LIVE / PID 1                                                           ┃ ┃
┃ ┃ com.gostalgia.echo  v0.1.0                                               ┃ ┃
┃ ┗━━━━━━━━━━━━━━━━━━━━━━━━━━━━━━━━━━━━━━━━━━━━━━━━━━━━━━━━━━━━━━━━━━━━━━━━━━┛ ┃
┃ A friendly first app.                                                        ┃
┃ GRANT  ipc                                                                   ┃
┃                                                                              ┃
┃                                                                              ┃
┃                                                                              ┃
┃                                                                              ┃
┃                                                                              ┃
┃                                                                              ┃
┃                                                                              ┃
┃                                                                              ┃
┃ C:\users\guest> Echo is LIVE (PID 1). Enter relaunch, F3 stop, F4 view.      ┃
┗━━━━━━━━━━━━━━━━━━━━━━━━━━━━━━━━━━━━━━━━━━━━━━━━━━━━━━━━━━━━━━━━━━━━━━━━━━━━━━┛
Esc PROMPT · Enter RUN · F3 STOP · F4 VIEW · F5 TASKS · ↑↓ SELECT · Ctrl-P PALET
