┏━━━━━━━━━━━━━━━━━━━━━━━━━━━━━━━━━━━━━━━━━━━━━━━━━━━━━━━━━━━━━━━━━━━━━━━━━━━━━━┓
┃ G O S T A L G I A  /  PERSONAL COMPUTING                                     ┃
┃  Home   Apps   Prompt  [Tasks]  Notifications                                ┃
┃ ✓ ONLINE   guest · C: environment drive                                      ┃
┃                                                                              ┃
┃ ┏━━━━━━━━━━━━━━━━━━━━━━━━━━━━━━━━━━━━━━━━━━━━━━━━━━━━━━━━━━━━━━━━━━━━━━━━━━┓ ┃
┃ ┃ › TASK MANAGER                                                           ┃ ┃
┃ ┃ ┏━━━━━━━━━━━━━━━━━━━━━━━━━━━━━━━━━━━━━━━━━━━━━━━━━━━━━━━━━━━━━━━━━━━━━━┓ ┃ ┃
┃ ┃ ┃ ◇ No Processes Found                                                 ┃ ┃ ┃
┃ ┃ ┃ No environment or child processes are currently registered.          ┃ ┃ ┃
┃ ┃ ┃                                                                      ┃ ┃ ┃
┃ ┃ ┃                                                                      ┃ ┃ ┃
┃ ┃ ┃                                                                      ┃ ┃ ┃
┃ ┃ ┃                                                                      ┃ ┃ ┃
┃ ┃ ┃                                                                      ┃ ┃ ┃
┃ ┃ ┃                                                                      ┃ ┃ ┃
┃ ┃ ┃                                                                      ┃ ┃ ┃
┃ ┃ ┃                                                                      ┃ ┃ ┃
┃ ┃ ┗━━━━━━━━━━━━━━━━━━━━━━━━━━━━━━━━━━━━━━━━━━━━━━━━━━━━━━━━━━━━━━━━━━━━━━┛ ┃ ┃
┃ ┗━━━━━━━━━━━━━━━━━━━━━━━━━━━━━━━━━━━━━━━━━━━━━━━━━━━━━━━━━━━━━━━━━━━━━━━━━━┛ ┃
┃                                                                              ┃
┃ C:\users\guest> Task Manager owns focus. Esc returns to prompt.              ┃
┗━━━━━━━━━━━━━━━━━━━━━━━━━━━━━━━━━━━━━━━━━━━━━━━━━━━━━━━━━━━━━━━━━━━━━━━━━━━━━━┛
Esc PROMPT · Enter VIEW · l LOGS · c RECEIPT · x STOP · r REAP · ↑↓ SELECT · Ctr
